Archive member included to satisfy reference by file (symbol)

C:/ST/STM32CubeIDE_1.16.0/STM32CubeIDE/plugins/com.st.stm32cube.ide.mcu.externaltools.gnu-tools-for-stm32.12.3.rel1.win32_1.0.200.202406191623/tools/bin/../lib/gcc/arm-none-eabi/12.3.1/../../../../arm-none-eabi/lib/thumb/v7e-m/nofp\libc_nano.a(libc_a-exit.o)
                              C:/ST/STM32CubeIDE_1.16.0/STM32CubeIDE/plugins/com.st.stm32cube.ide.mcu.externaltools.gnu-tools-for-stm32.12.3.rel1.win32_1.0.200.202406191623/tools/bin/../lib/gcc/arm-none-eabi/12.3.1/../../../../arm-none-eabi/lib/thumb/v7e-m/nofp/crt0.o (exit)
C:/ST/STM32CubeIDE_1.16.0/STM32CubeIDE/plugins/com.st.stm32cube.ide.mcu.externaltools.gnu-tools-for-stm32.12.3.rel1.win32_1.0.200.202406191623/tools/bin/../lib/gcc/arm-none-eabi/12.3.1/../../../../arm-none-eabi/lib/thumb/v7e-m/nofp\libc_nano.a(libc_a-findfp.o)
                              C:/ST/STM32CubeIDE_1.16.0/STM32CubeIDE/plugins/com.st.stm32cube.ide.mcu.externaltools.gnu-tools-for-stm32.12.3.rel1.win32_1.0.200.202406191623/tools/bin/../lib/gcc/arm-none-eabi/12.3.1/../../../../arm-none-eabi/lib/thumb/v7e-m/nofp\libc_nano.a(libc_a-exit.o) (__stdio_exit_handler)
C:/ST/STM32CubeIDE_1.16.0/STM32CubeIDE/plugins/com.st.stm32cube.ide.mcu.externaltools.gnu-tools-for-stm32.12.3.rel1.win32_1.0.200.202406191623/tools/bin/../lib/gcc/arm-none-eabi/12.3.1/../../../../arm-none-eabi/lib/thumb/v7e-m/nofp\libc_nano.a(libc_a-fwalk.o)
                              C:/ST/STM32CubeIDE_1.16.0/STM32CubeIDE/plugins/com.st.stm32cube.ide.mcu.externaltools.gnu-tools-for-stm32.12.3.rel1.win32_1.0.200.202406191623/tools/bin/../lib/gcc/arm-none-eabi/12.3.1/../../../../arm-none-eabi/lib/thumb/v7e-m/nofp\libc_nano.a(libc_a-findfp.o) (_fwalk_sglue)
C:/ST/STM32CubeIDE_1.16.0/STM32CubeIDE/plugins/com.st.stm32cube.ide.mcu.externaltools.gnu-tools-for-stm32.12.3.rel1.win32_1.0.200.202406191623/tools/bin/../lib/gcc/arm-none-eabi/12.3.1/../../../../arm-none-eabi/lib/thumb/v7e-m/nofp\libc_nano.a(libc_a-stdio.o)
                              C:/ST/STM32CubeIDE_1.16.0/STM32CubeIDE/plugins/com.st.stm32cube.ide.mcu.externaltools.gnu-tools-for-stm32.12.3.rel1.win32_1.0.200.202406191623/tools/bin/../lib/gcc/arm-none-eabi/12.3.1/../../../../arm-none-eabi/lib/thumb/v7e-m/nofp\libc_nano.a(libc_a-findfp.o) (__sread)
C:/ST/STM32CubeIDE_1.16.0/STM32CubeIDE/plugins/com.st.stm32cube.ide.mcu.externaltools.gnu-tools-for-stm32.12.3.rel1.win32_1.0.200.202406191623/tools/bin/../lib/gcc/arm-none-eabi/12.3.1/../../../../arm-none-eabi/lib/thumb/v7e-m/nofp\libc_nano.a(libc_a-memset.o)
                              C:/ST/STM32CubeIDE_1.16.0/STM32CubeIDE/plugins/com.st.stm32cube.ide.mcu.externaltools.gnu-tools-for-stm32.12.3.rel1.win32_1.0.200.202406191623/tools/bin/../lib/gcc/arm-none-eabi/12.3.1/../../../../arm-none-eabi/lib/thumb/v7e-m/nofp/crt0.o (memset)
C:/ST/STM32CubeIDE_1.16.0/STM32CubeIDE/plugins/com.st.stm32cube.ide.mcu.externaltools.gnu-tools-for-stm32.12.3.rel1.win32_1.0.200.202406191623/tools/bin/../lib/gcc/arm-none-eabi/12.3.1/../../../../arm-none-eabi/lib/thumb/v7e-m/nofp\libc_nano.a(libc_a-closer.o)
                              C:/ST/STM32CubeIDE_1.16.0/STM32CubeIDE/plugins/com.st.stm32cube.ide.mcu.externaltools.gnu-tools-for-stm32.12.3.rel1.win32_1.0.200.202406191623/tools/bin/../lib/gcc/arm-none-eabi/12.3.1/../../../../arm-none-eabi/lib/thumb/v7e-m/nofp\libc_nano.a(libc_a-stdio.o) (_close_r)
C:/ST/STM32CubeIDE_1.16.0/STM32CubeIDE/plugins/com.st.stm32cube.ide.mcu.externaltools.gnu-tools-for-stm32.12.3.rel1.win32_1.0.200.202406191623/tools/bin/../lib/gcc/arm-none-eabi/12.3.1/../../../../arm-none-eabi/lib/thumb/v7e-m/nofp\libc_nano.a(libc_a-reent.o)
                              C:/ST/STM32CubeIDE_1.16.0/STM32CubeIDE/plugins/com.st.stm32cube.ide.mcu.externaltools.gnu-tools-for-stm32.12.3.rel1.win32_1.0.200.202406191623/tools/bin/../lib/gcc/arm-none-eabi/12.3.1/../../../../arm-none-eabi/lib/thumb/v7e-m/nofp\libc_nano.a(libc_a-closer.o) (errno)
C:/ST/STM32CubeIDE_1.16.0/STM32CubeIDE/plugins/com.st.stm32cube.ide.mcu.externaltools.gnu-tools-for-stm32.12.3.rel1.win32_1.0.200.202406191623/tools/bin/../lib/gcc/arm-none-eabi/12.3.1/../../../../arm-none-eabi/lib/thumb/v7e-m/nofp\libc_nano.a(libc_a-impure.o)
                              C:/ST/STM32CubeIDE_1.16.0/STM32CubeIDE/plugins/com.st.stm32cube.ide.mcu.externaltools.gnu-tools-for-stm32.12.3.rel1.win32_1.0.200.202406191623/tools/bin/../lib/gcc/arm-none-eabi/12.3.1/../../../../arm-none-eabi/lib/thumb/v7e-m/nofp\libc_nano.a(libc_a-reent.o) (_impure_ptr)
C:/ST/STM32CubeIDE_1.16.0/STM32CubeIDE/plugins/com.st.stm32cube.ide.mcu.externaltools.gnu-tools-for-stm32.12.3.rel1.win32_1.0.200.202406191623/tools/bin/../lib/gcc/arm-none-eabi/12.3.1/../../../../arm-none-eabi/lib/thumb/v7e-m/nofp\libc_nano.a(libc_a-lseekr.o)
[...]
Memory Configuration

Name             Origin             Length             Attributes
CCMRAM           0x10000000         0x00010000         xrw
RAM              0x20000000         0x00020000         xrw
FLASH            0x08000000         0x00100000         xr
*default*        0x00000000         0xffffffff

Linker script and memory map

LOAD C:/ST/STM32CubeIDE_1.16.0/STM32CubeIDE/plugins/com.st.stm32cube.ide.mcu.externaltools.gnu-tools-for-stm32.12.3.rel1.win32_1.0.200.202406191623/tools/bin/../lib/gcc/arm-none-eabi/12.3.1/thumb/v7e-m/nofp/crti.o
LOAD C:/ST/STM32CubeIDE_1.16.0/STM32CubeIDE/plugins/com.st.stm32cube.ide.mcu.externaltools.gnu-tools-for-stm32.12.3.rel1.win32_1.0.200.202406191623/tools/bin/../lib/gcc/arm-none-eabi/12.3.1/thumb/v7e-m/nofp/crtbegin.o
LOAD C:/ST/STM32CubeIDE_1.16.0/STM32CubeIDE/plugins/com.st.stm32cube.ide.mcu.externaltools.gnu-tools-for-stm32.12.3.rel1.win32_1.0.200.202406191623/tools/bin/../lib/gcc/arm-none-eabi/12.3.1/../../../../arm-none-eabi/lib/thumb/v7e-m/nofp/crt0.o
LOAD ./Src/004SPI_tx_testing.o
LOAD ./Src/syscalls.o
LOAD ./Src/sysmem.o
LOAD ./Startup/startup_stm32f407vgtx.o
LOAD ./drivers/Src/stm32f407xx_gpio_driver.o
LOAD ./drivers/Src/stm32f407xx_spi.o
START GROUP
LOAD C:/ST/STM32CubeIDE_1.16.0/STM32CubeIDE/plugins/com.st.stm32cube.ide.mcu.externaltools.gnu-tools-for-stm32.12.3.rel1.win32_1.0.200.202406191623/tools/bin/../lib/gcc/arm-none-eabi/12.3.1/../../../../arm-none-eabi/lib/thumb/v7e-m/nofp\libc_nano.a
LOAD C:/ST/STM32CubeIDE_1.16.0/STM32CubeIDE/plugins/com.st.stm32cube.ide.mcu.externaltools.gnu-tools-for-stm32.12.3.rel1.win32_1.0.200.202406191623/tools/bin/../lib/gcc/arm-none-eabi/12.3.1/../../../../arm-none-eabi/lib/thumb/v7e-m/nofp\libm.a
END GROUP
START GROUP
LOAD C:/ST/STM32CubeIDE_1.16.0/STM32CubeIDE/plugins/com.st.stm32cube.ide.mcu.externaltools.gnu-tools-for-stm32.12.3.rel1.win32_1.0.200.202406191623/tools/bin/../lib/gcc/arm-none-eabi/12.3.1/thumb/v7e-m/nofp\libgcc.a
LOAD C:/ST/STM32CubeIDE_1.16.0/STM32CubeIDE/plugins/com.st.stm32cube.ide.mcu.externaltools.gnu-tools-for-stm32.12.3.rel1.win32_1.0.200.202406191623/tools/bin/../lib/gcc/arm-none-eabi/12.3.1/../../../../arm-none-eabi/lib/thumb/v7e-m/nofp\libc_nano.a
END GROUP
START GROUP
LOAD C:/ST/STM32CubeIDE_1.16.0/STM32CubeIDE/plugins/com.st.stm32cube.ide.mcu.externaltools.gnu-tools-for-stm32.12.3.rel1.win32_1.0.200.202406191623/tools/bin/../lib/gcc/arm-none-eabi/12.3.1/thumb/v7e-m/nofp\libgcc.a
LOAD C:/ST/STM32CubeIDE_1.16.0/STM32CubeIDE/plugins/com.st.stm32cube.ide.mcu.externaltools.gnu-tools-for-stm32.12.3.rel1.win32_1.0.200.202406191623/tools/bin/../lib/gcc/arm-none-eabi/12.3.1/../../../../arm-none-eabi/lib/thumb/v7e-m/nofp\libc_nano.a
LOAD C:/ST/STM32CubeIDE_1.16.0/STM32CubeIDE/plugins/com.st.stm32cube.ide.mcu.externaltools.gnu-tools-for-stm32.12.3.rel1.win32_1.0.200.202406191623/tools/bin/../lib/gcc/arm-none-eabi/12.3.1/../../../../arm-none-eabi/lib/thumb/v7e-m/nofp\libnosys.a
END GROUP
START GROUP
LOAD C:/ST/STM32CubeIDE_1.16.0/STM32CubeIDE/plugins/com.st.stm32cube.ide.mcu.externaltools.gnu-tools-for-stm32.12.3.rel1.win32_1.0.200.202406191623/tools/bin/../lib/gcc/arm-none-eabi/12.3.1/thumb/v7e-m/nofp\libgcc.a
LOAD C:/ST/STM32CubeIDE_1.16.0/STM32CubeIDE/plugins/com.st.stm32cube.ide.mcu.externaltools.gnu-tools-for-stm32.12.3.rel1.win32_1.0.200.202406191623/tools/bin/../lib/gcc/arm-none-eabi/12.3.1/../../../../arm-none-eabi/lib/thumb/v7e-m/nofp\libc_nano.a
LOAD C:/ST/STM32CubeIDE_1.16.0/STM32CubeIDE/plugins/com.st.stm32cube.ide.mcu.externaltools.gnu-tools-for-stm32.12.3.rel1.win32_1.0.200.202406191623/tools/bin/../lib/gcc/arm-none-eabi/12.3.1/../../../../arm-none-eabi/lib/thumb/v7e-m/nofp\libnosys.a
END GROUP
LOAD C:/ST/STM32CubeIDE_1.16.0/STM32CubeIDE/plugins/com.st.stm32cube.ide.mcu.externaltools.gnu-tools-for-stm32.12.3.rel1.win32_1.0.200.202406191623/tools/bin/../lib/gcc/arm-none-eabi/12.3.1/thumb/v7e-m/nofp/crtend.o
LOAD C:/ST/STM32CubeIDE_1.16.0/STM32CubeIDE/plugins/com.st.stm32cube.ide.mcu.externaltools.gnu-tools-for-stm32.12.3.rel1.win32_1.0.200.202406191623/tools/bin/../lib/gcc/arm-none-eabi/12.3.1/thumb/v7e-m/nofp/crtn.o
                0x20020000                        _estack = (ORIGIN (RAM) + LENGTH (RAM))
                0x00000200                        _Min_Heap_Size = 0x200
                0x00000400                        _Min_Stack_Size = 0x400

.isr_vector     0x08000000      0x188
                0x08000000                        . = ALIGN (0x4)
 *(.isr_vector)
 .isr_vector    0x08000000      0x188 ./Startup/startup_stm32f407vgtx.o
                0x08000000                g_pfnVectors
                0x08000188                        . = ALIGN (0x4)

.text           0x08000188      0x938
                0x08000188                        . = ALIGN (0x4)
 *(.text)
 .text          0x08000188       0x40 C:/ST/STM32CubeIDE_1.16.0/STM32CubeIDE/plugins/com.st.stm32cube.ide.mcu.externaltools.gnu-tools-for-stm32.12.3.rel1.win32_1.0.200.202406191623/tools/bin/../lib/gcc/arm-none-eabi/12.3.1/thumb/v7e-m/nofp/crtbegin.o
 .text          0x080001c8       0x10 C:/ST/STM32CubeIDE_1.16.0/STM32CubeIDE/plugins/com.st.stm32cube.ide.mcu.externaltools.gnu-tools-for-stm32.12.3.rel1.win32_1.0.200.202406191623/tools/bin/../lib/gcc/arm-none-eabi/12.3.1/../../../../arm-none-eabi/lib/thumb/v7e-m/nofp\libc_nano.a(libc_a-strlen.o)
                0x080001c8                strlen
 *(.text*)
 .text.SPI2_GPIOInits
                0x080001d8       0xac ./Src/004SPI_tx_testing.o
                0x080001d8                SPI2_GPIOInits
 .text.SPI2_Init
                0x08000284       0x54 ./Src/004SPI_tx_testing.o
                0x08000284                SPI2_Init
 .text.main     0x080002d8       0x40 ./Src/004SPI_tx_testing.o
                0x080002d8                main
 .text.Reset_Handler
                0x08000318       0x50 ./Startup/startup_stm32f407vgtx.o
                0x08000318                Reset_Handler
 .text.Default_Handler
                0x08000368        0x2 ./Startup/startup_stm32f407vgtx.o
                0x08000368                RTC_Alarm_IRQHandler
                0x08000368                HASH_RNG_IRQHandler
                0x08000368                EXTI2_IRQHandler
                0x08000368                TIM8_CC_IRQHandler
                0x08000368                DebugMon_Handler
                0x08000368                TIM1_CC_IRQHandler
                0x08000368                DMA2_Stream5_IRQHandler
                0x08000368                HardFault_Handler
                0x08000368                DMA1_Stream5_IRQHandler
                0x08000368                SysTick_Handler
                0x08000368                PVD_IRQHandler
                0x08000368                SDIO_IRQHandler
                0x08000368                TAMP_STAMP_IRQHandler
                0x08000368                PendSV_Handler
                0x08000368                NMI_Handler
                0x08000368                CAN2_RX1_IRQHandler
                0x08000368                EXTI3_IRQHandler
                0x08000368                TIM8_TRG_COM_TIM14_IRQHandler
                0x08000368                TIM1_UP_TIM10_IRQHandler
                0x08000368                TIM8_UP_TIM13_IRQHandler
                0x08000368                I2C3_ER_IRQHandler
                0x08000368                EXTI0_IRQHandler
                0x08000368                I2C2_EV_IRQHandler
                0x08000368                DMA1_Stream2_IRQHandler
                0x08000368                CAN1_RX0_IRQHandler
                0x08000368                FPU_IRQHandler
                0x08000368                OTG_HS_WKUP_IRQHandler
                0x08000368                UsageFault_Handler
                0x08000368                CAN2_SCE_IRQHandler
                0x08000368                DMA2_Stream2_IRQHandler
                0x08000368                SPI1_IRQHandler
                0x08000368                TIM6_DAC_IRQHandler
                0x08000368                TIM1_BRK_TIM9_IRQHandler
                0x08000368                DCMI_IRQHandler
                0x08000368                CAN2_RX0_IRQHandler
                0x08000368                DMA2_Stream3_IRQHandler
                0x08000368                USART6_IRQHandler
                0x08000368                USART3_IRQHandler
                0x08000368                CRYP_IRQHandler
                0x08000368                CAN1_RX1_IRQHandler
                0x08000368                UART5_IRQHandler
                0x08000368                DMA2_Stream0_IRQHandler
                0x08000368                TIM4_IRQHandler
                0x08000368                I2C1_EV_IRQHandler
                0x08000368                DMA1_Stream6_IRQHandler
                0x08000368                DMA1_Stream1_IRQHandler
                0x08000368                UART4_IRQHandler
                0x08000368                TIM3_IRQHandler
                0x08000368                RCC_IRQHandler
                0x08000368                TIM8_BRK_TIM12_IRQHandler
                0x08000368                Default_Handler
                0x08000368                EXTI15_10_IRQHandler
                0x08000368                ADC_IRQHandler
                0x08000368                DMA1_Stream7_IRQHandler
                0x08000368                TIM7_IRQHandler
                0x08000368                CAN2_TX_IRQHandler
                0x08000368                TIM5_IRQHandler
                0x08000368                DMA2_Stream7_IRQHandler
                0x08000368                I2C3_EV_IRQHandler
                0x08000368                EXTI9_5_IRQHandler
                0x08000368                RTC_WKUP_IRQHandler
                0x08000368                ETH_WKUP_IRQHandler
                0x08000368                SPI2_IRQHandler
                0x08000368                OTG_HS_EP1_IN_IRQHandler
                0x08000368                MemManage_Handler
                0x08000368                DMA1_Stream0_IRQHandler
                0x08000368                CAN1_TX_IRQHandler
                0x08000368                SVC_Handler
                0x08000368                EXTI4_IRQHandler
                0x08000368                FSMC_IRQHandler
                0x08000368                ETH_IRQHandler
                0x08000368                OTG_HS_EP1_OUT_IRQHandler
                0x08000368                WWDG_IRQHandler
                0x08000368                TIM2_IRQHandler
                0x08000368                OTG_FS_WKUP_IRQHandler
                0x08000368                TIM1_TRG_COM_TIM11_IRQHandler
                0x08000368                OTG_HS_IRQHandler
                0x08000368                EXTI1_IRQHandler
                0x08000368                USART2_IRQHandler
                0x08000368                I2C2_ER_IRQHandler
                0x08000368                DMA2_Stream1_IRQHandler
                0x08000368                CAN1_SCE_IRQHandler
                0x08000368                DMA2_Stream4_IRQHandler
                0x08000368                BusFault_Handler
                0x08000368                USART1_IRQHandler
                0x08000368                OTG_FS_IRQHandler
                0x08000368                SPI3_IRQHandler
                0x08000368                DMA1_Stream4_IRQHandler
                0x08000368                I2C1_ER_IRQHandler
                0x08000368                DMA2_Stream6_IRQHandler
                0x08000368                DMA1_Stream3_IRQHandler
 *fill*         0x0800036a        0x2 
 .text.GPIO_ClockControl
                0x0800036c      0x1d0 ./drivers/Src/stm32f407xx_gpio_driver.o
                0x0800036c                GPIO_ClockControl
 .text.GPIO_Init
                0x0800053c      0x32c ./drivers/Src/stm32f407xx_gpio_driver.o
                0x0800053c                GPIO_Init
 .text.SPI_PeriheralControl
                0x08000868       0x3c ./drivers/Src/stm32f407xx_spi.o
                0x08000868                SPI_PeriheralControl
 .text.SPI_ClockControl
                0x080008a4       0xb0 ./drivers/Src/stm32f407xx_spi.o
                0x080008a4                SPI_ClockControl
 .text.SPI_Init
                0x08000954       0xa4 ./drivers/Src/stm32f407xx_spi.o
                0x08000954                SPI_Init
 .text.SPI_SendData
                0x080009f8       0x68 ./drivers/Src/stm32f407xx_spi.o
                0x080009f8                SPI_SendData
 .text.__libc_init_array
                0x08000a60       0x48 C:/ST/STM32CubeIDE_1.16.0/STM32CubeIDE/plugins/com.st.stm32cube.ide.mcu.externaltools.gnu-tools-for-stm32.12.3.rel1.win32_1.0.200.202406191623/tools/bin/../lib/gcc/arm-none-eabi/12.3.1/../../../../arm-none-eabi/lib/thumb/v7e-m/nofp\libc_nano.a(libc_a-init.o)
                0x08000a60                __libc_init_array
 *(.glue_7)
 .glue_7        0x08000aa8        0x0 linker stubs
 *(.glue_7t)
 .glue_7t       0x08000aa8        0x0 linker stubs
 *(.eh_frame)
 .eh_frame      0x08000aa8        0x0 C:/ST/STM32CubeIDE_1.16.0/STM32CubeIDE/plugins/com.st.stm32cube.ide.mcu.externaltools.gnu-tools-for-stm32.12.3.rel1.win32_1.0.200.202406191623/tools/bin/../lib/gcc/arm-none-eabi/12.3.1/thumb/v7e-m/nofp/crtbegin.o
 *(.init)
 .init          0x08000aa8        0x4 C:/ST/STM32CubeIDE_1.16.0/STM32CubeIDE/plugins/com.st.stm32cube.ide.mcu.externaltools.gnu-tools-for-stm32.12.3.rel1.win32_1.0.200.202406191623/tools/bin/../lib/gcc/arm-none-eabi/12.3.1/thumb/v7e-m/nofp/crti.o
                0x08000aa8                _init
 .init          0x08000aac        0x8 C:/ST/STM32CubeIDE_1.16.0/STM32CubeIDE/plugins/com.st.stm32cube.ide.mcu.externaltools.gnu-tools-for-stm32.12.3.rel1.win32_1.0.200.202406191623/tools/bin/../lib/gcc/arm-none-eabi/12.3.1/thumb/v7e-m/nofp/crtn.o
 *(.fini)
 .fini          0x08000ab4        0x4 C:/ST/STM32CubeIDE_1.16.0/STM32CubeIDE/plugins/com.st.stm32cube.ide.mcu.externaltools.gnu-tools-for-stm32.12.3.rel1.win32_1.0.200.202406191623/tools/bin/../lib/gcc/arm-none-eabi/12.3.1/thumb/v7e-m/nofp/crti.o
                0x08000ab4                _fini
 .fini          0x08000ab8        0x8 C:/ST/STM32CubeIDE_1.16.0/STM32CubeIDE/plugins/com.st.stm32cube.ide.mcu.externaltools.gnu-tools-for-stm32.12.3.rel1.win32_1.0.200.202406191623/tools/bin/../lib/gcc/arm-none-eabi/12.3.1/thumb/v7e-m/nofp/crtn.o
                0x08000ac0                        . = ALIGN (0x4)
                0x08000ac0                        _etext = .

.vfp11_veneer   0x08000ac0        0x0
 .vfp11_veneer  0x08000ac0        0x0 linker stubs

.v4_bx          0x08000ac0        0x0
 .v4_bx         0x08000ac0        0x0 linker stubs

.iplt           0x08000ac0        0x0
 .iplt          0x08000ac0        0x0 C:/ST/STM32CubeIDE_1.16.0/STM32CubeIDE/plugins/com.st.stm32cube.ide.mcu.externaltools.gnu-tools-for-stm32.12.3.rel1.win32_1.0.200.202406191623/tools/bin/../lib/gcc/arm-none-eabi/12.3.1/thumb/v7e-m/nofp/crtbegin.o

.rodata         0x08000ac0        0xc
                0x08000ac0                        . = ALIGN (0x4)
 *(.rodata)
 .rodata        0x08000ac0        0xc ./Src/004SPI_tx_testing.o
 *(.rodata*)
                0x08000acc                        . = ALIGN (0x4)

.ARM.extab      0x08000acc        0x0
                0x08000acc                        . = ALIGN (0x4)
 *(.ARM.extab* .gnu.linkonce.armextab.*)
                0x08000acc                        . = ALIGN (0x4)

.ARM            0x08000acc        0x8
                0x08000acc                        . = ALIGN (0x4)
                0x08000acc                        __exidx_start = .
 *(.ARM.exidx*)
 .ARM.exidx     0x08000acc        0x8 C:/ST/STM32CubeIDE_1.16.0/STM32CubeIDE/plugins/com.st.stm32cube.ide.mcu.externaltools.gnu-tools-for-stm32.12.3.rel1.win32_1.0.200.202406191623/tools/bin/../lib/gcc/arm-none-eabi/12.3.1/../../../../arm-none-eabi/lib/thumb/v7e-m/nofp\libc_nano.a(libc_a-strlen.o)
                0x08000ad4                        __exidx_end = .
                0x08000ad4                        . = ALIGN (0x4)

.preinit_array  0x08000ad4        0x0
                0x08000ad4                        . = ALIGN (0x4)
                0x08000ad4                        PROVIDE (__preinit_array_start = .)
 *(.preinit_array*)
                0x08000ad4                        PROVIDE (__preinit_array_end = .)
                0x08000ad4                        . = ALIGN (0x4)

.init_array     0x08000ad4        0x4
                0x08000ad4                        . = ALIGN (0x4)
                0x08000ad4                        PROVIDE (__init_array_start = .)
 *(SORT_BY_NAME(.init_array.*))
 *(.init_array*)
 .init_array    0x08000ad4        0x4 C:/ST/STM32CubeIDE_1.16.0/STM32CubeIDE/plugins/com.st.stm32cube.ide.mcu.externaltools.gnu-tools-for-stm32.12.3.rel1.win32_1.0.200.202406191623/tools/bin/../lib/gcc/arm-none-eabi/12.3.1/thumb/v7e-m/nofp/crtbegin.o
                0x08000ad8                        PROVIDE (__init_array_end = .)
                0x08000ad8                        . = ALIGN (0x4)

.fini_array     0x08000ad8        0x4
                0x08000ad8                        . = ALIGN (0x4)
                [!provide]                        PROVIDE (__fini_array_start = .)
 *(SORT_BY_NAME(.fini_array.*))
 *(.fini_array*)
 .fini_array    0x08000ad8        0x4 C:/ST/STM32CubeIDE_1.16.0/STM32CubeIDE/plugins/com.st.stm32cube.ide.mcu.externaltools.gnu-tools-for-stm32.12.3.rel1.win32_1.0.200.202406191623/tools/bin/../lib/gcc/arm-none-eabi/12.3.1/thumb/v7e-m/nofp/crtbegin.o
                [!provide]                        PROVIDE (__fini_array_end = .)
                0x08000adc                        . = ALIGN (0x4)
                0x08000adc                        _sidata = LOADADDR (.data)

.rel.dyn        0x08000adc        0x0
 .rel.iplt      0x08000adc        0x0 C:/ST/STM32CubeIDE_1.16.0/STM32CubeIDE/plugins/com.st.stm32cube.ide.mcu.externaltools.gnu-tools-for-stm32.12.3.rel1.win32_1.0.200.202406191623/tools/bin/../lib/gcc/arm-none-eabi/12.3.1/thumb/v7e-m/nofp/crtbegin.o

.data           0x20000000        0x0 load address 0x08000adc
                0x20000000                        . = ALIGN (0x4)
                0x20000000                        _sdata = .
 *(.data)
 *(.data*)
 *(.RamFunc)
 *(.RamFunc*)
                0x20000000                        . = ALIGN (0x4)
                0x20000000                        _edata = .
                0x08000adc                        _siccmram = LOADADDR (.ccmram)

.igot.plt       0x20000000        0x0 load address 0x08000adc
 .igot.plt      0x20000000        0x0 C:/ST/STM32CubeIDE_1.16.0/STM32CubeIDE/plugins/com.st.stm32cube.ide.mcu.externaltools.gnu-tools-for-stm32.12.3.rel1.win32_1.0.200.202406191623/tools/bin/../lib/gcc/arm-none-eabi/12.3.1/thumb/v7e-m/nofp/crtbegin.o

.ccmram         0x10000000        0x0 load address 0x08000adc
                0x10000000                        . = ALIGN (0x4)
                0x10000000                        _sccmram = .
 *(.ccmram)
 *(.ccmram*)
                0x10000000                        . = ALIGN (0x4)
                0x10000000                        _eccmram = .
                0x10000000                        . = ALIGN (0x4)

.bss            0x20000000       0x58
                0x20000000                        _sbss = .
                0x20000000                        __bss_start__ = _sbss
 *(.bss)
 .bss           0x20000000       0x1c C:/ST/STM32CubeIDE_1.16.0/STM32CubeIDE/plugins/com.st.stm32cube.ide.mcu.externaltools.gnu-tools-for-stm32.12.3.rel1.win32_1.0.200.202406191623/tools/bin/../lib/gcc/arm-none-eabi/12.3.1/thumb/v7e-m/nofp/crtbegin.o
 *(.bss*)
 .bss.SPI2_SCK  0x2000001c        0xc ./Src/004SPI_tx_testing.o
                0x2000001c                SPI2_SCK
 .bss.SPI2_MOSI
                0x20000028        0xc ./Src/004SPI_tx_testing.o
                0x20000028                SPI2_MOSI
 .bss.SPI2_MISO
                0x20000034        0xc ./Src/004SPI_tx_testing.o
                0x20000034                SPI2_MISO
 .bss.SPI2_NSS  0x20000040        0xc ./Src/004SPI_tx_testing.o
                0x20000040                SPI2_NSS
 .bss.SPI_2     0x2000004c        0xc ./Src/004SPI_tx_testing.o
                0x2000004c                SPI_2
 *(COMMON)
                0x20000058                        . = ALIGN (0x4)
                0x20000058                        _ebss = .
                0x20000058                        __bss_end__ = _ebss

._user_heap_stack
                0x20000058      0x600
                0x20000058                        . = ALIGN (0x8)
                [!provide]                        PROVIDE (end = .)
                0x20000058                        PROVIDE (_end = .)
                0x20000258                        . = (. + _Min_Heap_Size)
 *fill*         0x20000058      0x200 
                0x20000658                        . = (. + _Min_Stack_Size)
 *fill*         0x20000258      0x400 
                0x20000658                        . = ALIGN (0x8)

/DISCARD/
 libc.a(*)
 libm.a(*)
 libgcc.a(*)

.ARM.attributes
                0x00000000       0x2a
 *(.ARM.attributes)
 .ARM.attributes
                0x00000000       0x1e C:/ST/STM32CubeIDE_1.16.0/STM32CubeIDE/plugins/com.st.stm32cube.ide.mcu.externaltools.gnu-tools-for-stm32.12.3.rel1.win32_1.0.200.202406191623/tools/bin/../lib/gcc/arm-none-eabi/12.3.1/thumb/v7e-m/nofp/crti.o
 .ARM.attributes
                0x0000001e       0x2e C:/ST/STM32CubeIDE_1.16.0/STM32CubeIDE/plugins/com.st.stm32cube.ide.mcu.externaltools.gnu-tools-for-stm32.12.3.rel1.win32_1.0.200.202406191623/tools/bin/../lib/gcc/arm-none-eabi/12.3.1/thumb/v7e-m/nofp/crtbegin.o
 .ARM.attributes
                0x0000004c       0x2e ./Src/004SPI_tx_testing.o
 .ARM.attributes
                0x0000007a       0x21 ./Startup/startup_stm32f407vgtx.o
 .ARM.attributes
                0x0000009b       0x2e ./drivers/Src/stm32f407xx_gpio_driver.o
 .ARM.attributes
                0x000000c9       0x2e ./drivers/Src/stm32f407xx_spi.o
 .ARM.attributes
                0x000000f7       0x2e C:/ST/STM32CubeIDE_1.16.0/STM32CubeIDE/plugins/com.st.stm32cube.ide.mcu.externaltools.gnu-tools-for-stm32.12.3.rel1.win32_1.0.200.202406191623/tools/bin/../lib/gcc/arm-none-eabi/12.3.1/../../../../arm-none-eabi/lib/thumb/v7e-m/nofp\libc_nano.a(libc_a-init.o)
 .ARM.attributes
                0x00000125       0x17 C:/ST/STM32CubeIDE_1.16.0/STM32CubeIDE/plugins/com.st.stm32cube.ide.mcu.externaltools.gnu-tools-for-stm32.12.3.rel1.win32_1.0.200.202406191623/tools/bin/../lib/gcc/arm-none-eabi/12.3.1/../../../../arm-none-eabi/lib/thumb/v7e-m/nofp\libc_nano.a(libc_a-strlen.o)
 .ARM.attributes
                0x0000013c       0x1e C:/ST/STM32CubeIDE_1.16.0/STM32CubeIDE/plugins/com.st.stm32cube.ide.mcu.externaltools.gnu-tools-for-stm32.12.3.rel1.win32_1.0.200.202406191623/tools/bin/../lib/gcc/arm-none-eabi/12.3.1/thumb/v7e-m/nofp/crtn.o
OUTPUT(stm32f4xx_drivers.elf elf32-littlearm)
LOAD linker stubs
LOAD C:/ST/STM32CubeIDE_1.16.0/STM32CubeIDE/plugins/com.st.stm32cube.ide.mcu.externaltools.gnu-tools-for-stm32.12.3.rel1.win32_1.0.200.202406191623/tools/bin/../lib/gcc/arm-none-eabi/12.3.1/../../../../arm-none-eabi/lib/thumb/v7e-m/nofp\libc.a
LOAD C:/ST/STM32CubeIDE_1.16.0/STM32CubeIDE/plugins/com.st.stm32cube.ide.mcu.externaltools.gnu-tools-for-stm32.12.3.rel1.win32_1.0.200.202406191623/tools/bin/../lib/gcc/arm-none-eabi/12.3.1/../../../../arm-none-eabi/lib/thumb/v7e-m/nofp\libm.a
LOAD C:/ST/STM32CubeIDE_1.16.0/STM32CubeIDE/plugins/com.st.stm32cube.ide.mcu.externaltools.gnu-tools-for-stm32.12.3.rel1.win32_1.0.200.202406191623/tools/bin/../lib/gcc/arm-none-eabi/12.3.1/thumb/v7e-m/nofp\libgcc.a

.debug_info     0x00000000     0x113a
 .debug_info    0x00000000      0x44b ./Src/004SPI_tx_testing.o
 .debug_info    0x0000044b       0x30 ./Startup/startup_stm32f407vgtx.o
 .debug_info    0x0000047b      0x71f ./drivers/Src/stm32f407xx_gpio_driver.o
 .debug_info    0x00000b9a      0x5a0 ./drivers/Src/stm32f407xx_spi.o

.debug_abbrev   0x00000000      0x46f
 .debug_abbrev  0x00000000      0x128 ./Src/004SPI_tx_testing.o
 .debug_abbrev  0x00000128       0x24 ./Startup/startup_stm32f407vgtx.o
 .debug_abbrev  0x0000014c      0x1be ./drivers/Src/stm32f407xx_gpio_driver.o
 .debug_abbrev  0x0000030a      0x165 ./drivers/Src/stm32f407xx_spi.o

.debug_aranges  0x00000000      0x128
 .debug_aranges
                0x00000000       0x30 ./Src/004SPI_tx_testing.o
 .debug_aranges
                0x00000030       0x28 ./Startup/startup_stm32f407vgtx.o
 .debug_aranges
                0x00000058       0x70 ./drivers/Src/stm32f407xx_gpio_driver.o
 .debug_aranges
                0x000000c8       0x60 ./drivers/Src/stm32f407xx_spi.o

.debug_rnglists
                0x00000000       0xdd
 .debug_rnglists
                0x00000000       0x20 ./Src/004SPI_tx_testing.o
 .debug_rnglists
                0x00000020       0x19 ./Startup/startup_stm32f407vgtx.o
 .debug_rnglists
                0x00000039       0x5f ./drivers/Src/stm32f407xx_gpio_driver.o
 .debug_rnglists
                0x00000098       0x45 ./drivers/Src/stm32f407xx_spi.o

.debug_macro    0x00000000     0x2540
 .debug_macro   0x00000000      0x16b ./Src/004SPI_tx_testing.o
 .debug_macro   0x0000016b      0xab4 ./Src/004SPI_tx_testing.o
 .debug_macro   0x00000c1f       0x22 ./Src/004SPI_tx_testing.o
 .debug_macro   0x00000c41       0x8e ./Src/004SPI_tx_testing.o
 .debug_macro   0x00000ccf       0x51 ./Src/004SPI_tx_testing.o
 .debug_macro   0x00000d20      0x103 ./Src/004SPI_tx_testing.o
 .debug_macro   0x00000e23       0x6a ./Src/004SPI_tx_testing.o
 .debug_macro   0x00000e8d      0x1df ./Src/004SPI_tx_testing.o
 .debug_macro   0x0000106c      0x809 ./Src/004SPI_tx_testing.o
 .debug_macro   0x00001875      0x124 ./Src/004SPI_tx_testing.o
 .debug_macro   0x00001999       0x88 ./Src/004SPI_tx_testing.o
 .debug_macro   0x00001a21       0x61 ./Src/004SPI_tx_testing.o
 .debug_macro   0x00001a82       0x24 ./Src/004SPI_tx_testing.o
 .debug_macro   0x00001aa6       0x43 ./Src/004SPI_tx_testing.o
 .debug_macro   0x00001ae9       0x34 ./Src/004SPI_tx_testing.o
 .debug_macro   0x00001b1d      0x189 ./Src/004SPI_tx_testing.o
 .debug_macro   0x00001ca6       0x16 ./Src/004SPI_tx_testing.o
 .debug_macro   0x00001cbc       0x43 ./Src/004SPI_tx_testing.o
 .debug_macro   0x00001cff       0x34 ./Src/004SPI_tx_testing.o
 .debug_macro   0x00001d33       0x10 ./Src/004SPI_tx_testing.o
 .debug_macro   0x00001d43       0x58 ./Src/004SPI_tx_testing.o
 .debug_macro   0x00001d9b       0x8e ./Src/004SPI_tx_testing.o
 .debug_macro   0x00001e29       0x1c ./Src/004SPI_tx_testing.o
 .debug_macro   0x00001e45      0x177 ./Src/004SPI_tx_testing.o
 .debug_macro   0x00001fbc      0x369 ./Src/004SPI_tx_testing.o
 .debug_macro   0x00002325       0x10 ./Src/004SPI_tx_testing.o
 .debug_macro   0x00002335       0x35 ./Src/004SPI_tx_testing.o
 .debug_macro   0x0000236a       0x20 ./Src/004SPI_tx_testing.o
 .debug_macro   0x0000238a       0x9a ./drivers/Src/stm32f407xx_gpio_driver.o
 .debug_macro   0x00002424       0x82 ./drivers/Src/stm32f407xx_gpio_driver.o
 .debug_macro   0x000024a6       0x9a ./drivers/Src/stm32f407xx_spi.o

.debug_line     0x00000000     0x17d4
 .debug_line    0x00000000      0x692 ./Src/004SPI_tx_testing.o
 .debug_line    0x00000692       0x7b ./Startup/startup_stm32f407vgtx.o
 .debug_line    0x0000070d      0xaa5 ./drivers/Src/stm32f407xx_gpio_driver.o
 .debug_line    0x000011b2      0x622 ./drivers/Src/stm32f407xx_spi.o

.debug_str      0x00000000     0x9efb
 .debug_str     0x00000000     0x9b5b ./Src/004SPI_tx_testing.o
                               0x9d5d (size before relaxing)
 .debug_str     0x00009b5b       0x3f ./Startup/startup_stm32f407vgtx.o
                                 0x6e (size before relaxing)
 .debug_str     0x00009b9a      0x2b1 ./drivers/Src/stm32f407xx_gpio_driver.o
                               0x6a44 (size before relaxing)
 .debug_str     0x00009e4b       0xb0 ./drivers/Src/stm32f407xx_spi.o
                               0x696b (size before relaxing)

.comment        0x00000000       0x43
 .comment       0x00000000       0x43 ./Src/004SPI_tx_testing.o
                                 0x44 (size before relaxing)
 .comment       0x00000043       0x44 ./drivers/Src/stm32f407xx_gpio_driver.o
 .comment       0x00000043       0x44 ./drivers/Src/stm32f407xx_spi.o

.debug_frame    0x00000000      0x3d0
 .debug_frame   0x00000000       0x68 ./Src/004SPI_tx_testing.o
 .debug_frame   0x00000068      0x1c8 ./drivers/Src/stm32f407xx_gpio_driver.o
 .debug_frame   0x00000230      0x174 ./drivers/Src/stm32f407xx_spi.o
 .debug_frame   0x000003a4       0x2c C:/ST/STM32CubeIDE_1.16.0/STM32CubeIDE/plugins/com.st.stm32cube.ide.mcu.externaltools.gnu-tools-for-stm32.12.3.rel1.win32_1.0.200.202406191623/tools/bin/../lib/gcc/arm-none-eabi/12.3.1/../../../../arm-none-eabi/lib/thumb/v7e-m/nofp\libc_nano.a(libc_a-init.o)

.debug_line_str
                0x00000000       0x52
 .debug_line_str
                0x00000000       0x52 ./Startup/startup_stm32f407vgtx.o
